MIF/HEX Update report for aca_nios_intro
Fri Jul 11 15:30:43 2014
Quartus II 32-bit Version 12.1 Build 177 11/07/2012 SJ Web Edition


---------------------
; Table of Contents ;
---------------------
  1. Legal Notice
  2. MIF/HEX Update Summary
  3. MIF/HEX Update Processed Files
  4. MIF/HEX Update Messages



----------------
; Legal Notice ;
----------------
Copyright (C) 1991-2012 Altera Corporation
Your use of Altera Corporation's design tools, logic functions 
and other software and tools, and its AMPP partner logic 
functions, and any output files from any of the foregoing 
(including device programming or simulation files), and any 
associated documentation or information are expressly subject 
to the terms and conditions of the Altera Program License 
Subscription Agreement, Altera MegaCore Function License 
Agreement, or other applicable license agreement, including, 
without limitation, that your use is for the sole purpose of 
programming logic devices manufactured by Altera and sold by 
Altera or its authorized distributors.  Please refer to the 
applicable agreement for further details.



+---------------------------------------------------------------+
; MIF/HEX Update Summary                                        ;
+-----------------------+---------------------------------------+
; MIF/HEX Update Status ; Successful - Fri Jul 11 15:30:43 2014 ;
; Revision Name         ; aca_nios_intro                        ;
; Top-level Entity Name ; nios_sys                              ;
; Family                ; Cyclone II                            ;
; Device                ; EP2C20F484C8                          ;
+-----------------------+---------------------------------------+


+---------------------------------------------------------------------------------------+
; MIF/HEX Update Processed Files                                                        ;
+---------------------------------------------------------------------------------------+
; File Name                                                                             ;
+---------------------------------------------------------------------------------------+
; C:/Users/Giovanni/Desktop/tesi_pulita/knn_acc_par3_fair/nios_sys_cpu_0_rf_ram_a.mif   ;
; C:/Users/Giovanni/Desktop/tesi_pulita/knn_acc_par3_fair/nios_sys_cpu_0_rf_ram_b.mif   ;
; C:/Users/Giovanni/Desktop/tesi_pulita/knn_acc_par3_fair/nios_sys_onchip_memory2_0.hex ;
+---------------------------------------------------------------------------------------+


+-------------------------+
; MIF/HEX Update Messages ;
+-------------------------+
Info: *******************************************************************
Info: Running Quartus II 32-bit MIF/HEX Update
    Info: Version 12.1 Build 177 11/07/2012 SJ Web Edition
    Info: Processing started: Fri Jul 11 15:30:41 2014
Info: Command: quartus_cdb knn_acc -c aca_nios_intro --update_mif
Warning (113015): Width of data items in "nios_sys_onchip_memory2_0.hex" is greater than the memory width. Wrapping data items to subsequent addresses. Found 328 warnings, reporting 10
    Warning (113009): Data at line (2) of memory initialization file "nios_sys_onchip_memory2_0.hex" is too wide to fit in one memory word. Wrapping data to subsequent addresses.
    Warning (113009): Data at line (3) of memory initialization file "nios_sys_onchip_memory2_0.hex" is too wide to fit in one memory word. Wrapping data to subsequent addresses.
    Warning (113009): Data at line (4) of memory initialization file "nios_sys_onchip_memory2_0.hex" is too wide to fit in one memory word. Wrapping data to subsequent addresses.
    Warning (113009): Data at line (5) of memory initialization file "nios_sys_onchip_memory2_0.hex" is too wide to fit in one memory word. Wrapping data to subsequent addresses.
    Warning (113009): Data at line (6) of memory initialization file "nios_sys_onchip_memory2_0.hex" is too wide to fit in one memory word. Wrapping data to subsequent addresses.
    Warning (113009): Data at line (7) of memory initialization file "nios_sys_onchip_memory2_0.hex" is too wide to fit in one memory word. Wrapping data to subsequent addresses.
    Warning (113009): Data at line (8) of memory initialization file "nios_sys_onchip_memory2_0.hex" is too wide to fit in one memory word. Wrapping data to subsequent addresses.
    Warning (113009): Data at line (9) of memory initialization file "nios_sys_onchip_memory2_0.hex" is too wide to fit in one memory word. Wrapping data to subsequent addresses.
    Warning (113009): Data at line (10) of memory initialization file "nios_sys_onchip_memory2_0.hex" is too wide to fit in one memory word. Wrapping data to subsequent addresses.
    Warning (113009): Data at line (11) of memory initialization file "nios_sys_onchip_memory2_0.hex" is too wide to fit in one memory word. Wrapping data to subsequent addresses.
Info (39024): Processed the following Memory Initialization File(s)
    Info (39025): Processed Memory Initialization File C:/Users/Giovanni/Desktop/tesi_pulita/knn_acc_par3_fair/nios_sys_cpu_0_rf_ram_a.mif
    Info (39025): Processed Memory Initialization File C:/Users/Giovanni/Desktop/tesi_pulita/knn_acc_par3_fair/nios_sys_cpu_0_rf_ram_b.mif
    Info (39025): Processed Memory Initialization File C:/Users/Giovanni/Desktop/tesi_pulita/knn_acc_par3_fair/nios_sys_onchip_memory2_0.hex
Info: Quartus II 32-bit MIF/HEX Update was successful. 0 errors, 11 warnings
    Info: Peak virtual memory: 381 megabytes
    Info: Processing ended: Fri Jul 11 15:30:43 2014
    Info: Elapsed time: 00:00:02
    Info: Total CPU time (on all processors): 00:00:02


