------------------------------------------------------------
TimeQuest Timing Analyzer Summary
------------------------------------------------------------

Type  : Slow Model Setup 'altpll_0|sd1|pll|clk[2]'
Slack : -9.117
TNS   : -19934.965

Type  : Slow Model Setup 'altpll_0|sd1|pll|clk[0]'
Slack : -0.378
TNS   : -7.267

Type  : Slow Model Setup 'altpll_1|sd1|pll|clk[0]'
Slack : 1.102
TNS   : 0.000

Type  : Slow Model Hold 'altpll_0|sd1|pll|clk[0]'
Slack : 0.499
TNS   : 0.000

Type  : Slow Model Hold 'altpll_0|sd1|pll|clk[2]'
Slack : 0.499
TNS   : 0.000

Type  : Slow Model Hold 'altpll_1|sd1|pll|clk[0]'
Slack : 0.499
TNS   : 0.000

Type  : Slow Model Recovery 'altpll_0|sd1|pll|clk[2]'
Slack : -1.704
TNS   : -3219.696

Type  : Slow Model Recovery 'altpll_0|sd1|pll|clk[0]'
Slack : 1.839
TNS   : 0.000

Type  : Slow Model Recovery 'altpll_1|sd1|pll|clk[0]'
Slack : 4.242
TNS   : 0.000

Type  : Slow Model Removal 'altpll_0|sd1|pll|clk[2]'
Slack : 1.328
TNS   : 0.000

Type  : Slow Model Removal 'altpll_1|sd1|pll|clk[0]'
Slack : 2.372
TNS   : 0.000

Type  : Slow Model Removal 'altpll_0|sd1|pll|clk[0]'
Slack : 2.827
TNS   : 0.000

Type  : Slow Model Minimum Pulse Width 'altpll_0|sd1|pll|clk[2]'
Slack : -2.165
TNS   : -8646.962

Type  : Slow Model Minimum Pulse Width 'altpll_0|sd1|pll|clk[0]'
Slack : 1.466
TNS   : 0.000

Type  : Slow Model Minimum Pulse Width 'altpll_1|sd1|pll|clk[0]'
Slack : 2.439
TNS   : 0.000

Type  : Slow Model Minimum Pulse Width 'clock1'
Slack : 2.475
TNS   : 0.000

Type  : Slow Model Minimum Pulse Width 'clk_1_clk_in_clk'
Slack : 20.833
TNS   : 0.000

Type  : Slow Model Minimum Pulse Width 'altera_reserved_tck'
Slack : 97.223
TNS   : 0.000

Type  : Fast Model Setup 'altpll_0|sd1|pll|clk[2]'
Slack : -1.931
TNS   : -3063.248

Type  : Fast Model Setup 'altpll_0|sd1|pll|clk[0]'
Slack : 3.505
TNS   : 0.000

Type  : Fast Model Setup 'altpll_1|sd1|pll|clk[0]'
Slack : 7.524
TNS   : 0.000

Type  : Fast Model Hold 'altpll_0|sd1|pll|clk[0]'
Slack : 0.215
TNS   : 0.000

Type  : Fast Model Hold 'altpll_0|sd1|pll|clk[2]'
Slack : 0.215
TNS   : 0.000

Type  : Fast Model Hold 'altpll_1|sd1|pll|clk[0]'
Slack : 0.215
TNS   : 0.000

Type  : Fast Model Recovery 'altpll_0|sd1|pll|clk[2]'
Slack : -0.147
TNS   : -16.927

Type  : Fast Model Recovery 'altpll_0|sd1|pll|clk[0]'
Slack : 3.521
TNS   : 0.000

Type  : Fast Model Recovery 'altpll_1|sd1|pll|clk[0]'
Slack : 7.746
TNS   : 0.000

Type  : Fast Model Removal 'altpll_0|sd1|pll|clk[2]'
Slack : 0.580
TNS   : 0.000

Type  : Fast Model Removal 'altpll_1|sd1|pll|clk[0]'
Slack : 0.885
TNS   : 0.000

Type  : Fast Model Removal 'altpll_0|sd1|pll|clk[0]'
Slack : 1.597
TNS   : 0.000

Type  : Fast Model Minimum Pulse Width 'altpll_0|sd1|pll|clk[2]'
Slack : -1.225
TNS   : -4335.354

Type  : Fast Model Minimum Pulse Width 'altpll_0|sd1|pll|clk[0]'
Slack : 1.708
TNS   : 0.000

Type  : Fast Model Minimum Pulse Width 'clock1'
Slack : 2.708
TNS   : 0.000

Type  : Fast Model Minimum Pulse Width 'altpll_1|sd1|pll|clk[0]'
Slack : 3.189
TNS   : 0.000

Type  : Fast Model Minimum Pulse Width 'clk_1_clk_in_clk'
Slack : 20.833
TNS   : 0.000

Type  : Fast Model Minimum Pulse Width 'altera_reserved_tck'
Slack : 97.778
TNS   : 0.000

------------------------------------------------------------
