Archive member included because of file (symbol)

c:/altera/12.1/nios2eds/bin/gnu/h-i686-mingw32/bin/../lib/gcc/nios2-elf/4.1.2/mno-hw-mul\libgcc.a(lib2-divmod.o)
                              obj/hello.o (__divsi3)
c:/altera/12.1/nios2eds/bin/gnu/h-i686-mingw32/bin/../lib/gcc/nios2-elf/4.1.2/mno-hw-mul\libgcc.a(lib2-divtable.o)
                              obj/hello.o (__divsi3_table)
c:/altera/12.1/nios2eds/bin/gnu/h-i686-mingw32/bin/../lib/gcc/nios2-elf/4.1.2/mno-hw-mul\libgcc.a(lib2-mul.o)
                              obj/hello.o (__mulsi3)
../aca_hello_bsp/\libhal_bsp.a(alt_dma_rxchan_open.o)
                              obj/hello.o (alt_dma_rxchan_open)
../aca_hello_bsp/\libhal_bsp.a(alt_dma_txchan_open.o)
                              obj/hello.o (alt_dma_txchan_open)
../aca_hello_bsp/\libhal_bsp.a(alt_errno.o)
                              ../aca_hello_bsp/\libhal_bsp.a(alt_dma_rxchan_open.o) (alt_errno)
../aca_hello_bsp/\libhal_bsp.a(alt_find_dev.o)
                              ../aca_hello_bsp/\libhal_bsp.a(alt_dma_rxchan_open.o) (alt_find_dev)
../aca_hello_bsp/\libhal_bsp.a(alt_main.o)
                              ../aca_hello_bsp//obj/HAL/src/crt0.o (alt_main)
../aca_hello_bsp/\libhal_bsp.a(alt_sys_init.o)
                              ../aca_hello_bsp/\libhal_bsp.a(alt_main.o) (alt_sys_init)
../aca_hello_bsp/\libhal_bsp.a(altera_avalon_dma.o)
                              ../aca_hello_bsp/\libhal_bsp.a(alt_sys_init.o) (alt_avalon_dma_prepare)
../aca_hello_bsp/\libhal_bsp.a(altera_avalon_performance_counter.o)
                              obj/hello.o (perf_get_section_time)
../aca_hello_bsp/\libhal_bsp.a(alt_dev_llist_insert.o)
                              ../aca_hello_bsp/\libhal_bsp.a(altera_avalon_dma.o) (alt_dev_llist_insert)
../aca_hello_bsp/\libhal_bsp.a(alt_iic.o)
                              ../aca_hello_bsp/\libhal_bsp.a(altera_avalon_dma.o) (alt_ic_isr_register)
../aca_hello_bsp/\libhal_bsp.a(alt_iic_isr_register.o)
                              ../aca_hello_bsp/\libhal_bsp.a(alt_iic.o) (alt_iic_isr_register)
../aca_hello_bsp/\libhal_bsp.a(alt_irq_entry.o)
                              ../aca_hello_bsp/\libhal_bsp.a(alt_iic_isr_register.o) (alt_irq_entry)
../aca_hello_bsp/\libhal_bsp.a(alt_irq_handler.o)
                              ../aca_hello_bsp/\libhal_bsp.a(alt_iic_isr_register.o) (alt_irq_handler)
../aca_hello_bsp/\libhal_bsp.a(alt_irq_vars.o)
                              ../aca_hello_bsp/\libhal_bsp.a(alt_iic.o) (alt_irq_active)
../aca_hello_bsp/\libhal_bsp.a(altera_nios2_qsys_irq.o)
                              ../aca_hello_bsp/\libhal_bsp.a(alt_sys_init.o) (altera_nios2_qsys_irq_init)
../aca_hello_bsp/\libhal_bsp.a(alt_exception_entry.o)
                              ../aca_hello_bsp/\libhal_bsp.a(alt_irq_entry.o) (alt_exception)
c:/altera/12.1/nios2eds/bin/gnu/h-i686-mingw32/bin/../lib/gcc/nios2-elf/4.1.2/../../../../nios2-elf/lib/mno-hw-mul\libsmallc.a(lib_a-int_errno.o)
                              ../aca_hello_bsp/\libhal_bsp.a(alt_dma_rxchan_open.o) (errno)
c:/altera/12.1/nios2eds/bin/gnu/h-i686-mingw32/bin/../lib/gcc/nios2-elf/4.1.2/../../../../nios2-elf/lib/mno-hw-mul\libsmallc.a(lib_a-memcmp.o)
                              ../aca_hello_bsp/\libhal_bsp.a(alt_find_dev.o) (memcmp)
c:/altera/12.1/nios2eds/bin/gnu/h-i686-mingw32/bin/../lib/gcc/nios2-elf/4.1.2/../../../../nios2-elf/lib/mno-hw-mul\libsmallc.a(lib_a-strlen.o)
                              ../aca_hello_bsp/\libhal_bsp.a(alt_find_dev.o) (strlen)

Allocating common symbols
Common symbol       size              file

alt_irq             0x100             ../aca_hello_bsp/\libhal_bsp.a(alt_irq_handler.o)
errno               0x4               c:/altera/12.1/nios2eds/bin/gnu/h-i686-mingw32/bin/../lib/gcc/nios2-elf/4.1.2/../../../../nios2-elf/lib/mno-hw-mul\libsmallc.a(lib_a-int_errno.o)

Memory Configuration

Name             Origin             Length             Attributes
sdram_controller 0x00000000         0x02000000
reset            0x02004000         0x00000020
onchip_memory2_0 0x02004020         0x000028e0
*default*        0x00000000         0xffffffff

Linker script and memory map

LOAD ../aca_hello_bsp//obj/HAL/src/crt0.o
                0x0200400c                exit = _exit
LOAD obj/.metadata/.plugins/org.eclipse.cdt.make.core/specs.o
LOAD obj/fx2.o
LOAD obj/hello.o
LOAD obj/.metadata/.plugins/org.eclipse.cdt.make.core/specs.o
LOAD c:/altera/12.1/nios2eds/bin/gnu/h-i686-mingw32/bin/../lib/gcc/nios2-elf/4.1.2/../../../../nios2-elf/lib/mno-hw-mul\libstdc++.a
LOAD c:/altera/12.1/nios2eds/bin/gnu/h-i686-mingw32/bin/../lib/gcc/nios2-elf/4.1.2/../../../../nios2-elf/lib/mno-hw-mul\libm.a
LOAD c:/altera/12.1/nios2eds/bin/gnu/h-i686-mingw32/bin/../lib/gcc/nios2-elf/4.1.2/mno-hw-mul\libgcc.a
START GROUP
LOAD c:/altera/12.1/nios2eds/bin/gnu/h-i686-mingw32/bin/../lib/gcc/nios2-elf/4.1.2/../../../../nios2-elf/lib/mno-hw-mul\libsmallc.a
LOAD c:/altera/12.1/nios2eds/bin/gnu/h-i686-mingw32/bin/../lib/gcc/nios2-elf/4.1.2/mno-hw-mul\libgcc.a
LOAD ../aca_hello_bsp/\libhal_bsp.a
END GROUP
LOAD c:/altera/12.1/nios2eds/bin/gnu/h-i686-mingw32/bin/../lib/gcc/nios2-elf/4.1.2/mno-hw-mul\libgcc.a
                0x00000000                __alt_mem_sdram_controller = 0x0
                0x02004000                __alt_mem_onchip_memory2_0 = 0x2004000

.entry          0x02004000       0x20
 *(.entry)
 .entry         0x02004000       0x20 ../aca_hello_bsp//obj/HAL/src/crt0.o
                0x02004000                __reset
                0x0200400c                _exit

.exceptions     0x02004020      0x164
                0x02004020                PROVIDE (__ram_exceptions_start, ABSOLUTE (.))
                0x02004020                . = ALIGN (0x20)
 *(.irq)
 *(.exceptions.entry.label)
 .exceptions.entry.label
                0x02004020        0x0 ../aca_hello_bsp/\libhal_bsp.a(alt_irq_entry.o)
                0x02004020                alt_irq_entry
 .exceptions.entry.label
                0x02004020        0x0 ../aca_hello_bsp/\libhal_bsp.a(alt_exception_entry.o)
                0x02004020                alt_exception
 *(.exceptions.entry.user)
 *(.exceptions.entry)
 .exceptions.entry
                0x02004020       0x54 ../aca_hello_bsp/\libhal_bsp.a(alt_exception_entry.o)
 *(.exceptions.irqtest.user)
 *(.exceptions.irqtest)
 .exceptions.irqtest
                0x02004074       0x10 ../aca_hello_bsp/\libhal_bsp.a(alt_irq_entry.o)
 *(.exceptions.irqhandler.user)
 *(.exceptions.irqhandler)
 .exceptions.irqhandler
                0x02004084        0x4 ../aca_hello_bsp/\libhal_bsp.a(alt_irq_entry.o)
 *(.exceptions.irqreturn.user)
 *(.exceptions.irqreturn)
 .exceptions.irqreturn
                0x02004088        0x4 ../aca_hello_bsp/\libhal_bsp.a(alt_irq_entry.o)
 *(.exceptions.notirq.label)
 .exceptions.notirq.label
                0x0200408c        0x0 ../aca_hello_bsp/\libhal_bsp.a(alt_irq_entry.o)
 *(.exceptions.notirq.user)
 *(.exceptions.notirq)
 .exceptions.notirq
                0x0200408c        0x8 ../aca_hello_bsp/\libhal_bsp.a(alt_exception_entry.o)
 *(.exceptions.soft.user)
 *(.exceptions.soft)
 *(.exceptions.unknown.user)
 *(.exceptions.unknown)
 .exceptions.unknown
                0x02004094        0x4 ../aca_hello_bsp/\libhal_bsp.a(alt_exception_entry.o)
 *(.exceptions.exit.label)
 .exceptions.exit.label
                0x02004098        0x0 ../aca_hello_bsp/\libhal_bsp.a(alt_irq_entry.o)
 .exceptions.exit.label
                0x02004098        0x0 ../aca_hello_bsp/\libhal_bsp.a(alt_exception_entry.o)
 *(.exceptions.exit.user)
 *(.exceptions.exit)
 .exceptions.exit
                0x02004098       0x54 ../aca_hello_bsp/\libhal_bsp.a(alt_exception_entry.o)
 *(.exceptions)
 .exceptions    0x020040ec       0x98 ../aca_hello_bsp/\libhal_bsp.a(alt_irq_handler.o)
                0x020040ec                alt_irq_handler
                0x02004184                PROVIDE (__ram_exceptions_end, ABSOLUTE (.))
                0x02004020                PROVIDE (__flash_exceptions_start, LOADADDR (.exceptions))

.text           0x02004184     0x1cec
                0x02004184                PROVIDE (stext, ABSOLUTE (.))
 *(.interp)
 *(.hash)
 *(.dynsym)
 *(.dynstr)
 *(.gnu.version)
 *(.gnu.version_d)
 *(.gnu.version_r)
 *(.rel.init)
 *(.rela.init)
 *(.rel.text .rel.text.* .rel.gnu.linkonce.t.*)
 *(.rela.text .rela.text.* .rela.gnu.linkonce.t.*)
 *(.rel.fini)
 *(.rela.fini)
 *(.rel.rodata .rel.rodata.* .rel.gnu.linkonce.r.*)
 *(.rela.rodata .rela.rodata.* .rela.gnu.linkonce.r.*)
 *(.rel.data .rel.data.* .rel.gnu.linkonce.d.*)
 *(.rela.data .rela.data.* .rela.gnu.linkonce.d.*)
 *(.rel.tdata .rel.tdata.* .rel.gnu.linkonce.td.*)
 *(.rela.tdata .rela.tdata.* .rela.gnu.linkonce.td.*)
 *(.rel.tbss .rel.tbss.* .rel.gnu.linkonce.tb.*)
 *(.rela.tbss .rela.tbss.* .rela.gnu.linkonce.tb.*)
 *(.rel.ctors)
 *(.rela.ctors)
 *(.rel.dtors)
 *(.rela.dtors)
 *(.rel.got)
 *(.rela.got)
 *(.rel.sdata .rel.sdata.* .rel.gnu.linkonce.s.*)
 *(.rela.sdata .rela.sdata.* .rela.gnu.linkonce.s.*)
 *(.rel.sbss .rel.sbss.* .rel.gnu.linkonce.sb.*)
 *(.rela.sbss .rela.sbss.* .rela.gnu.linkonce.sb.*)
 *(.rel.sdata2 .rel.sdata2.* .rel.gnu.linkonce.s2.*)
 *(.rela.sdata2 .rela.sdata2.* .rela.gnu.linkonce.s2.*)
 *(.rel.sbss2 .rel.sbss2.* .rel.gnu.linkonce.sb2.*)
 *(.rela.sbss2 .rela.sbss2.* .rela.gnu.linkonce.sb2.*)
 *(.rel.bss .rel.bss.* .rel.gnu.linkonce.b.*)
 *(.rela.bss .rela.bss.* .rela.gnu.linkonce.b.*)
 *(.rel.plt)
 *(.rela.plt)
 *(.rel.dyn)
 *(.init)
 *(.plt)
 *(.text .stub .text.* .gnu.linkonce.t.*)
 .text          0x02004184       0x38 ../aca_hello_bsp//obj/HAL/src/crt0.o
                0x02004184                _start
 .text          0x020041bc        0x0 obj/.metadata/.plugins/org.eclipse.cdt.make.core/specs.o
 .text          0x020041bc      0x108 obj/fx2.o
                0x020041bc                fx2_read
                0x020041ec                fx2_read_n
                0x02004230                fx2_write
                0x02004250                fx2_write_n
 .text          0x020042c4      0xf6c obj/hello.o
                0x02004334                send_short
                0x020043f0                recv_short
                0x02004470                main
 .text          0x02005230        0x0 obj/.metadata/.plugins/org.eclipse.cdt.make.core/specs.o
 .text          0x02005230      0x14c c:/altera/12.1/nios2eds/bin/gnu/h-i686-mingw32/bin/../lib/gcc/nios2-elf/4.1.2/mno-hw-mul\libgcc.a(lib2-divmod.o)
                0x020052ac                __divsi3
                0x0200530c                __modsi3
                0x0200536c                __udivsi3
                0x02005374                __umodsi3
 .text          0x0200537c        0x0 c:/altera/12.1/nios2eds/bin/gnu/h-i686-mingw32/bin/../lib/gcc/nios2-elf/4.1.2/mno-hw-mul\libgcc.a(lib2-divtable.o)
 .text          0x0200537c       0x38 c:/altera/12.1/nios2eds/bin/gnu/h-i686-mingw32/bin/../lib/gcc/nios2-elf/4.1.2/mno-hw-mul\libgcc.a(lib2-mul.o)
                0x0200537c                __mulsi3
 .text          0x020053b4       0x6c ../aca_hello_bsp/\libhal_bsp.a(alt_dma_rxchan_open.o)
                0x020053b4                alt_dma_rxchan_open
 .text          0x02005420       0x6c ../aca_hello_bsp/\libhal_bsp.a(alt_dma_txchan_open.o)
                0x02005420                alt_dma_txchan_open
 .text          0x0200548c        0x0 ../aca_hello_bsp/\libhal_bsp.a(alt_errno.o)
 .text          0x0200548c       0x94 ../aca_hello_bsp/\libhal_bsp.a(alt_find_dev.o)
                0x0200548c                alt_find_dev
 .text          0x02005520       0x2c ../aca_hello_bsp/\libhal_bsp.a(alt_main.o)
                0x02005520                alt_main
 .text          0x0200554c       0x70 ../aca_hello_bsp/\libhal_bsp.a(alt_sys_init.o)
                0x0200554c                alt_sys_init
                0x0200559c                alt_irq_init
 .text          0x020055bc      0x630 ../aca_hello_bsp/\libhal_bsp.a(altera_avalon_dma.o)
                0x020055bc                alt_avalon_dma_prepare
                0x02005658                alt_avalon_dma_space
                0x02005680                alt_avalon_dma_send
                0x020057ac                alt_avalon_dma_launch_bidir
                0x02005834                alt_avalon_dma_init
                0x02005adc                alt_avalon_dma_rx_ioctl
                0x02005ae4                alt_avalon_dma_tx_ioctl
 .text          0x02005bec       0x80 ../aca_hello_bsp/\libhal_bsp.a(altera_avalon_performance_counter.o)
                0x02005bec                alt_get_performance_counter_base
                0x02005bf8                alt_get_cpu_freq
                0x02005c04                perf_get_num_starts
                0x02005c14                perf_get_section_time
                0x02005c44                perf_get_total_time
 .text          0x02005c6c       0x7c ../aca_hello_bsp/\libhal_bsp.a(alt_dev_llist_insert.o)
                0x02005c6c                alt_dev_llist_insert
 .text          0x02005ce8       0x9c ../aca_hello_bsp/\libhal_bsp.a(alt_iic.o)
                0x02005ce8                alt_ic_irq_enabled
                0x02005d00                alt_ic_irq_enable
                0x02005d40                alt_ic_irq_disable
                0x02005d80                alt_ic_isr_register
 .text          0x02005d84       0x88 ../aca_hello_bsp/\libhal_bsp.a(alt_iic_isr_register.o)
                0x02005d84                alt_iic_isr_register
 .text          0x02005e0c        0x0 ../aca_hello_bsp/\libhal_bsp.a(alt_irq_entry.o)
 .text          0x02005e0c        0x0 ../aca_hello_bsp/\libhal_bsp.a(alt_irq_handler.o)
 .text          0x02005e0c        0x0 ../aca_hello_bsp/\libhal_bsp.a(alt_irq_vars.o)
 .text          0x02005e0c        0x8 ../aca_hello_bsp/\libhal_bsp.a(altera_nios2_qsys_irq.o)
                0x02005e0c                altera_nios2_qsys_irq_init
 .text          0x02005e14        0x0 ../aca_hello_bsp/\libhal_bsp.a(alt_exception_entry.o)
 .text          0x02005e14        0x0 c:/altera/12.1/nios2eds/bin/gnu/h-i686-mingw32/bin/../lib/gcc/nios2-elf/4.1.2/../../../../nios2-elf/lib/mno-hw-mul\libsmallc.a(lib_a-int_errno.o)
 .text          0x02005e14       0x3c c:/altera/12.1/nios2eds/bin/gnu/h-i686-mingw32/bin/../lib/gcc/nios2-elf/4.1.2/../../../../nios2-elf/lib/mno-hw-mul\libsmallc.a(lib_a-memcmp.o)
                0x02005e14                memcmp
 .text          0x02005e50       0x20 c:/altera/12.1/nios2eds/bin/gnu/h-i686-mingw32/bin/../lib/gcc/nios2-elf/4.1.2/../../../../nios2-elf/lib/mno-hw-mul\libsmallc.a(lib_a-strlen.o)
                0x02005e50                strlen
 *(.gnu.warning.*)
 *(.fini)
                0x02005e70                PROVIDE (__etext, ABSOLUTE (.))
                0x02005e70                PROVIDE (_etext, ABSOLUTE (.))
                0x02005e70                PROVIDE (etext, ABSOLUTE (.))
 *(.eh_frame_hdr)
                0x02005e70                . = ALIGN (0x4)
                0x02005e70                PROVIDE (__preinit_array_start, ABSOLUTE (.))
 *(.preinit_array)
                0x02005e70                PROVIDE (__preinit_array_end, ABSOLUTE (.))
                0x02005e70                PROVIDE (__init_array_start, ABSOLUTE (.))
 *(.init_array)
                0x02005e70                PROVIDE (__init_array_end, ABSOLUTE (.))
                0x02005e70                PROVIDE (__fini_array_start, ABSOLUTE (.))
 *(.fini_array)
                0x02005e70                PROVIDE (__fini_array_end, ABSOLUTE (.))
 *(.eh_frame)
 *(.gcc_except_table)
 *(.dynamic)
                0x02005e70                PROVIDE (__CTOR_LIST__, ABSOLUTE (.))
 *(.ctors)
 *(SORT(.ctors.*))
                0x02005e70                PROVIDE (__CTOR_END__, ABSOLUTE (.))
                0x02005e70                PROVIDE (__DTOR_LIST__, ABSOLUTE (.))
 *(.dtors)
 *(SORT(.dtors.*))
                0x02005e70                PROVIDE (__DTOR_END__, ABSOLUTE (.))
 *(.jcr)
                0x02005e70                . = ALIGN (0x4)

.rodata         0x02005e70        0xc
                0x02005e70                PROVIDE (__ram_rodata_start, ABSOLUTE (.))
                0x02005e70                . = ALIGN (0x4)
 *(.rodata .rodata.* .gnu.linkonce.r.*)
 .rodata.str1.4
                0x02005e70        0xc obj/hello.o
 .rodata.str1.4
                0x00000000        0xc ../aca_hello_bsp/\libhal_bsp.a(alt_sys_init.o)
 *(.rodata1)
                0x02005e7c                . = ALIGN (0x4)
                0x02005e7c                PROVIDE (__ram_rodata_end, ABSOLUTE (.))
                0x02005e70                PROVIDE (__flash_rodata_start, LOADADDR (.rodata))

.rwdata         0x02005e7c      0x1f8
                0x02005e7c                PROVIDE (__ram_rwdata_start, ABSOLUTE (.))
                0x02005e7c                . = ALIGN (0x4)
 *(.got.plt)
 *(.got)
 *(.data1)
 *(.data .data.* .gnu.linkonce.d.*)
 .data          0x02005e7c        0x0 ../aca_hello_bsp//obj/HAL/src/crt0.o
 .data          0x02005e7c        0x0 obj/.metadata/.plugins/org.eclipse.cdt.make.core/specs.o
 .data          0x02005e7c        0x0 obj/fx2.o
 .data          0x02005e7c        0x0 obj/hello.o
 .data          0x02005e7c        0x0 obj/.metadata/.plugins/org.eclipse.cdt.make.core/specs.o
 .data          0x02005e7c        0x0 c:/altera/12.1/nios2eds/bin/gnu/h-i686-mingw32/bin/../lib/gcc/nios2-elf/4.1.2/mno-hw-mul\libgcc.a(lib2-divmod.o)
 .data          0x02005e7c      0x100 c:/altera/12.1/nios2eds/bin/gnu/h-i686-mingw32/bin/../lib/gcc/nios2-elf/4.1.2/mno-hw-mul\libgcc.a(lib2-divtable.o)
                0x02005e7c                __divsi3_table
 .data          0x02005f7c        0x0 c:/altera/12.1/nios2eds/bin/gnu/h-i686-mingw32/bin/../lib/gcc/nios2-elf/4.1.2/mno-hw-mul\libgcc.a(lib2-mul.o)
 .data          0x02005f7c        0x0 ../aca_hello_bsp/\libhal_bsp.a(alt_dma_rxchan_open.o)
 .data          0x02005f7c        0x0 ../aca_hello_bsp/\libhal_bsp.a(alt_dma_txchan_open.o)
 .data          0x02005f7c        0x0 ../aca_hello_bsp/\libhal_bsp.a(alt_errno.o)
 .data          0x02005f7c        0x0 ../aca_hello_bsp/\libhal_bsp.a(alt_find_dev.o)
 .data          0x02005f7c        0x0 ../aca_hello_bsp/\libhal_bsp.a(alt_main.o)
 .data          0x02005f7c       0xdc ../aca_hello_bsp/\libhal_bsp.a(alt_sys_init.o)
 .data          0x02006058        0x0 ../aca_hello_bsp/\libhal_bsp.a(altera_avalon_dma.o)
 .data          0x02006058        0x0 ../aca_hello_bsp/\libhal_bsp.a(altera_avalon_performance_counter.o)
 .data          0x02006058        0x0 ../aca_hello_bsp/\libhal_bsp.a(alt_dev_llist_insert.o)
 .data          0x02006058        0x0 ../aca_hello_bsp/\libhal_bsp.a(alt_iic.o)
 .data          0x02006058        0x0 ../aca_hello_bsp/\libhal_bsp.a(alt_iic_isr_register.o)
 .data          0x02006058        0x0 ../aca_hello_bsp/\libhal_bsp.a(alt_irq_entry.o)
 .data          0x02006058        0x0 ../aca_hello_bsp/\libhal_bsp.a(alt_irq_handler.o)
 .data          0x02006058        0x0 ../aca_hello_bsp/\libhal_bsp.a(alt_irq_vars.o)
 .data          0x02006058        0x0 ../aca_hello_bsp/\libhal_bsp.a(altera_nios2_qsys_irq.o)
 .data          0x02006058        0x0 ../aca_hello_bsp/\libhal_bsp.a(alt_exception_entry.o)
 .data          0x02006058        0x0 c:/altera/12.1/nios2eds/bin/gnu/h-i686-mingw32/bin/../lib/gcc/nios2-elf/4.1.2/../../../../nios2-elf/lib/mno-hw-mul\libsmallc.a(lib_a-int_errno.o)
 .data          0x02006058        0x0 c:/altera/12.1/nios2eds/bin/gnu/h-i686-mingw32/bin/../lib/gcc/nios2-elf/4.1.2/../../../../nios2-elf/lib/mno-hw-mul\libsmallc.a(lib_a-memcmp.o)
 .data          0x02006058        0x0 c:/altera/12.1/nios2eds/bin/gnu/h-i686-mingw32/bin/../lib/gcc/nios2-elf/4.1.2/../../../../nios2-elf/lib/mno-hw-mul\libsmallc.a(lib_a-strlen.o)
                0x0200e058                _gp = ABSOLUTE ((. + 0x8000))
                0x0200e058                PROVIDE (gp, _gp)
 *(.rwdata .rwdata.*)
 *(.sdata .sdata.* .gnu.linkonce.s.*)
 .sdata         0x02006058        0x8 ../aca_hello_bsp/\libhal_bsp.a(alt_dma_rxchan_open.o)
                0x02006058                alt_dma_rxchan_list
 .sdata         0x02006060        0x8 ../aca_hello_bsp/\libhal_bsp.a(alt_dma_txchan_open.o)
                0x02006060                alt_dma_txchan_list
 .sdata         0x02006068        0x4 ../aca_hello_bsp/\libhal_bsp.a(alt_errno.o)
                0x02006068                alt_errno
 .sdata         0x0200606c        0x4 ../aca_hello_bsp/\libhal_bsp.a(alt_sys_init.o)
                0x0200606c                jtag_uart_0
 .sdata         0x02006070        0x4 ../aca_hello_bsp/\libhal_bsp.a(alt_irq_vars.o)
                0x02006070                alt_priority_mask
 *(.sdata2 .sdata2.* .gnu.linkonce.s2.*)
                0x02006074                . = ALIGN (0x4)
                0x02006074                _edata = ABSOLUTE (.)
                0x02006074                PROVIDE (edata, ABSOLUTE (.))
                0x02006074                PROVIDE (__ram_rwdata_end, ABSOLUTE (.))
                0x02005e7c                PROVIDE (__flash_rwdata_start, LOADADDR (.rwdata))

.bss            0x02006074      0x134
                0x02006074                __bss_start = ABSOLUTE (.)
                0x02006074                PROVIDE (__sbss_start, ABSOLUTE (.))
                0x02006074                PROVIDE (___sbss_start, ABSOLUTE (.))
 *(.dynsbss)
 *(.sbss .sbss.* .gnu.linkonce.sb.*)
 .sbss          0x02006074       0x20 obj/hello.o
 .sbss          0x02006094        0xc ../aca_hello_bsp/\libhal_bsp.a(alt_main.o)
                0x02006094                alt_argc
                0x02006098                alt_argv
                0x0200609c                alt_envp
 .sbss          0x020060a0        0x4 ../aca_hello_bsp/\libhal_bsp.a(alt_irq_vars.o)
                0x020060a0                alt_irq_active
 .sbss          0x020060a4        0x4 c:/altera/12.1/nios2eds/bin/gnu/h-i686-mingw32/bin/../lib/gcc/nios2-elf/4.1.2/../../../../nios2-elf/lib/mno-hw-mul\libsmallc.a(lib_a-int_errno.o)
                0x020060a4                errno
 *(.sbss2 .sbss2.* .gnu.linkonce.sb2.*)
 *(.scommon)
                0x020060a8                PROVIDE (__sbss_end, ABSOLUTE (.))
                0x020060a8                PROVIDE (___sbss_end, ABSOLUTE (.))
 *(.dynbss)
 *(.bss .bss.* .gnu.linkonce.b.*)
 .bss           0x020060a8        0x0 ../aca_hello_bsp//obj/HAL/src/crt0.o
 .bss           0x020060a8        0x0 obj/.metadata/.plugins/org.eclipse.cdt.make.core/specs.o
 .bss           0x020060a8        0x0 obj/fx2.o
 .bss           0x020060a8        0x0 obj/hello.o
 .bss           0x020060a8        0x0 obj/.metadata/.plugins/org.eclipse.cdt.make.core/specs.o
 .bss           0x020060a8        0x0 c:/altera/12.1/nios2eds/bin/gnu/h-i686-mingw32/bin/../lib/gcc/nios2-elf/4.1.2/mno-hw-mul\libgcc.a(lib2-divmod.o)
 .bss           0x020060a8        0x0 c:/altera/12.1/nios2eds/bin/gnu/h-i686-mingw32/bin/../lib/gcc/nios2-elf/4.1.2/mno-hw-mul\libgcc.a(lib2-divtable.o)
 .bss           0x020060a8        0x0 c:/altera/12.1/nios2eds/bin/gnu/h-i686-mingw32/bin/../lib/gcc/nios2-elf/4.1.2/mno-hw-mul\libgcc.a(lib2-mul.o)
 .bss           0x020060a8        0x0 ../aca_hello_bsp/\libhal_bsp.a(alt_dma_rxchan_open.o)
 .bss           0x020060a8        0x0 ../aca_hello_bsp/\libhal_bsp.a(alt_dma_txchan_open.o)
 .bss           0x020060a8        0x0 ../aca_hello_bsp/\libhal_bsp.a(alt_errno.o)
 .bss           0x020060a8        0x0 ../aca_hello_bsp/\libhal_bsp.a(alt_find_dev.o)
 .bss           0x020060a8        0x0 ../aca_hello_bsp/\libhal_bsp.a(alt_main.o)
 .bss           0x020060a8        0x0 ../aca_hello_bsp/\libhal_bsp.a(alt_sys_init.o)
 .bss           0x020060a8        0x0 ../aca_hello_bsp/\libhal_bsp.a(altera_avalon_dma.o)
 .bss           0x020060a8        0x0 ../aca_hello_bsp/\libhal_bsp.a(altera_avalon_performance_counter.o)
 .bss           0x020060a8        0x0 ../aca_hello_bsp/\libhal_bsp.a(alt_dev_llist_insert.o)
 .bss           0x020060a8        0x0 ../aca_hello_bsp/\libhal_bsp.a(alt_iic.o)
 .bss           0x020060a8        0x0 ../aca_hello_bsp/\libhal_bsp.a(alt_iic_isr_register.o)
 .bss           0x020060a8        0x0 ../aca_hello_bsp/\libhal_bsp.a(alt_irq_entry.o)
 .bss           0x020060a8        0x0 ../aca_hello_bsp/\libhal_bsp.a(alt_irq_handler.o)
 .bss           0x020060a8        0x0 ../aca_hello_bsp/\libhal_bsp.a(alt_irq_vars.o)
 .bss           0x020060a8        0x0 ../aca_hello_bsp/\libhal_bsp.a(altera_nios2_qsys_irq.o)
 .bss           0x020060a8        0x0 ../aca_hello_bsp/\libhal_bsp.a(alt_exception_entry.o)
 .bss           0x020060a8        0x0 c:/altera/12.1/nios2eds/bin/gnu/h-i686-mingw32/bin/../lib/gcc/nios2-elf/4.1.2/../../../../nios2-elf/lib/mno-hw-mul\libsmallc.a(lib_a-int_errno.o)
 .bss           0x020060a8        0x0 c:/altera/12.1/nios2eds/bin/gnu/h-i686-mingw32/bin/../lib/gcc/nios2-elf/4.1.2/../../../../nios2-elf/lib/mno-hw-mul\libsmallc.a(lib_a-memcmp.o)
 .bss           0x020060a8        0x0 c:/altera/12.1/nios2eds/bin/gnu/h-i686-mingw32/bin/../lib/gcc/nios2-elf/4.1.2/../../../../nios2-elf/lib/mno-hw-mul\libsmallc.a(lib_a-strlen.o)
 *(COMMON)
 COMMON         0x020060a8      0x100 ../aca_hello_bsp/\libhal_bsp.a(alt_irq_handler.o)
                0x020060a8                alt_irq
                0x020061a8                . = ALIGN (0x4)
                0x020061a8                __bss_end = ABSOLUTE (.)

.sdram_controller
                0x00000000        0x0
                0x00000000                PROVIDE (_alt_partition_sdram_controller_start, ABSOLUTE (.))
 *(.sdram_controller. sdram_controller.*)
                0x00000000                . = ALIGN (0x4)
                0x00000000                PROVIDE (_alt_partition_sdram_controller_end, ABSOLUTE (.))
                0x00000000                PROVIDE (_alt_partition_sdram_controller_load_addr, LOADADDR (.sdram_controller))

.onchip_memory2_0
                0x020061a8        0x0
                0x020061a8                PROVIDE (_alt_partition_onchip_memory2_0_start, ABSOLUTE (.))
 *(.onchip_memory2_0. onchip_memory2_0.*)
                0x020061a8                . = ALIGN (0x4)
                0x020061a8                PROVIDE (_alt_partition_onchip_memory2_0_end, ABSOLUTE (.))
                0x020061a8                _end = ABSOLUTE (.)
                0x020061a8                end = ABSOLUTE (.)
                0x020061a8                __alt_stack_base = ABSOLUTE (.)
                0x020061a8                PROVIDE (_alt_partition_onchip_memory2_0_load_addr, LOADADDR (.onchip_memory2_0))

.stab
 *(.stab)

.stabstr
 *(.stabstr)

.stab.excl
 *(.stab.excl)

.stab.exclstr
 *(.stab.exclstr)

.stab.index
 *(.stab.index)

.stab.indexstr
 *(.stab.indexstr)

.comment        0x00000000       0x23
 *(.comment)
 .comment       0x00000000       0x23 obj/.metadata/.plugins/org.eclipse.cdt.make.core/specs.o
                                 0x24 (size before relaxing)
 .comment       0x00000000       0x24 obj/fx2.o
 .comment       0x00000000       0x24 obj/hello.o
 .comment       0x00000000       0x24 obj/.metadata/.plugins/org.eclipse.cdt.make.core/specs.o
 .comment       0x00000000       0x24 c:/altera/12.1/nios2eds/bin/gnu/h-i686-mingw32/bin/../lib/gcc/nios2-elf/4.1.2/mno-hw-mul\libgcc.a(lib2-divmod.o)
 .comment       0x00000000       0x24 c:/altera/12.1/nios2eds/bin/gnu/h-i686-mingw32/bin/../lib/gcc/nios2-elf/4.1.2/mno-hw-mul\libgcc.a(lib2-divtable.o)
 .comment       0x00000000       0x24 c:/altera/12.1/nios2eds/bin/gnu/h-i686-mingw32/bin/../lib/gcc/nios2-elf/4.1.2/mno-hw-mul\libgcc.a(lib2-mul.o)
 .comment       0x00000000       0x24 ../aca_hello_bsp/\libhal_bsp.a(alt_dma_rxchan_open.o)
 .comment       0x00000000       0x24 ../aca_hello_bsp/\libhal_bsp.a(alt_dma_txchan_open.o)
 .comment       0x00000000       0x24 ../aca_hello_bsp/\libhal_bsp.a(alt_errno.o)
 .comment       0x00000000       0x24 ../aca_hello_bsp/\libhal_bsp.a(alt_find_dev.o)
 .comment       0x00000000       0x24 ../aca_hello_bsp/\libhal_bsp.a(alt_main.o)
 .comment       0x00000000       0x24 ../aca_hello_bsp/\libhal_bsp.a(alt_sys_init.o)
 .comment       0x00000000       0x24 ../aca_hello_bsp/\libhal_bsp.a(altera_avalon_dma.o)
 .comment       0x00000000       0x24 ../aca_hello_bsp/\libhal_bsp.a(altera_avalon_performance_counter.o)
 .comment       0x00000000       0x24 ../aca_hello_bsp/\libhal_bsp.a(alt_dev_llist_insert.o)
 .comment       0x00000000       0x24 ../aca_hello_bsp/\libhal_bsp.a(alt_iic.o)
 .comment       0x00000000       0x24 ../aca_hello_bsp/\libhal_bsp.a(alt_iic_isr_register.o)
 .comment       0x00000000       0x24 ../aca_hello_bsp/\libhal_bsp.a(alt_irq_handler.o)
 .comment       0x00000000       0x24 ../aca_hello_bsp/\libhal_bsp.a(alt_irq_vars.o)
 .comment       0x00000000       0x24 ../aca_hello_bsp/\libhal_bsp.a(altera_nios2_qsys_irq.o)
 .comment       0x00000000       0x24 c:/altera/12.1/nios2eds/bin/gnu/h-i686-mingw32/bin/../lib/gcc/nios2-elf/4.1.2/../../../../nios2-elf/lib/mno-hw-mul\libsmallc.a(lib_a-int_errno.o)
 .comment       0x00000000       0x24 c:/altera/12.1/nios2eds/bin/gnu/h-i686-mingw32/bin/../lib/gcc/nios2-elf/4.1.2/../../../../nios2-elf/lib/mno-hw-mul\libsmallc.a(lib_a-memcmp.o)
 .comment       0x00000000       0x24 c:/altera/12.1/nios2eds/bin/gnu/h-i686-mingw32/bin/../lib/gcc/nios2-elf/4.1.2/../../../../nios2-elf/lib/mno-hw-mul\libsmallc.a(lib_a-strlen.o)

.debug
 *(.debug)

.line
 *(.line)

.debug_srcinfo
 *(.debug_srcinfo)

.debug_sfnames
 *(.debug_sfnames)

.debug_aranges  0x00000000      0x2d8
 *(.debug_aranges)
 .debug_aranges
                0x00000000       0x28 ../aca_hello_bsp//obj/HAL/src/crt0.o
 .debug_aranges
                0x00000028       0x20 obj/fx2.o
 .debug_aranges
                0x00000048       0x20 obj/hello.o
 .debug_aranges
                0x00000068       0x20 c:/altera/12.1/nios2eds/bin/gnu/h-i686-mingw32/bin/../lib/gcc/nios2-elf/4.1.2/mno-hw-mul\libgcc.a(lib2-divmod.o)
 .debug_aranges
                0x00000088       0x20 c:/altera/12.1/nios2eds/bin/gnu/h-i686-mingw32/bin/../lib/gcc/nios2-elf/4.1.2/mno-hw-mul\libgcc.a(lib2-mul.o)
 .debug_aranges
                0x000000a8       0x20 ../aca_hello_bsp/\libhal_bsp.a(alt_dma_rxchan_open.o)
 .debug_aranges
                0x000000c8       0x20 ../aca_hello_bsp/\libhal_bsp.a(alt_dma_txchan_open.o)
 .debug_aranges
                0x000000e8       0x20 ../aca_hello_bsp/\libhal_bsp.a(alt_find_dev.o)
 .debug_aranges
                0x00000108       0x20 ../aca_hello_bsp/\libhal_bsp.a(alt_main.o)
 .debug_aranges
                0x00000128       0x20 ../aca_hello_bsp/\libhal_bsp.a(alt_sys_init.o)
 .debug_aranges
                0x00000148       0x20 ../aca_hello_bsp/\libhal_bsp.a(altera_avalon_dma.o)
 .debug_aranges
                0x00000168       0x20 ../aca_hello_bsp/\libhal_bsp.a(altera_avalon_performance_counter.o)
 .debug_aranges
                0x00000188       0x20 ../aca_hello_bsp/\libhal_bsp.a(alt_dev_llist_insert.o)
 .debug_aranges
                0x000001a8       0x20 ../aca_hello_bsp/\libhal_bsp.a(alt_iic.o)
 .debug_aranges
                0x000001c8       0x20 ../aca_hello_bsp/\libhal_bsp.a(alt_iic_isr_register.o)
 .debug_aranges
                0x000001e8       0x30 ../aca_hello_bsp/\libhal_bsp.a(alt_irq_entry.o)
 .debug_aranges
                0x00000218       0x28 ../aca_hello_bsp/\libhal_bsp.a(alt_irq_handler.o)
 .debug_aranges
                0x00000240       0x20 ../aca_hello_bsp/\libhal_bsp.a(altera_nios2_qsys_irq.o)
 .debug_aranges
                0x00000260       0x38 ../aca_hello_bsp/\libhal_bsp.a(alt_exception_entry.o)
 .debug_aranges
                0x00000298       0x20 c:/altera/12.1/nios2eds/bin/gnu/h-i686-mingw32/bin/../lib/gcc/nios2-elf/4.1.2/../../../../nios2-elf/lib/mno-hw-mul\libsmallc.a(lib_a-memcmp.o)
 .debug_aranges
                0x000002b8       0x20 c:/altera/12.1/nios2eds/bin/gnu/h-i686-mingw32/bin/../lib/gcc/nios2-elf/4.1.2/../../../../nios2-elf/lib/mno-hw-mul\libsmallc.a(lib_a-strlen.o)

.debug_pubnames
                0x00000000      0x57e
 *(.debug_pubnames)
 .debug_pubnames
                0x00000000       0x4c obj/fx2.o
 .debug_pubnames
                0x0000004c       0x39 obj/hello.o
 .debug_pubnames
                0x00000085       0x48 c:/altera/12.1/nios2eds/bin/gnu/h-i686-mingw32/bin/../lib/gcc/nios2-elf/4.1.2/mno-hw-mul\libgcc.a(lib2-divmod.o)
 .debug_pubnames
                0x000000cd       0x25 c:/altera/12.1/nios2eds/bin/gnu/h-i686-mingw32/bin/../lib/gcc/nios2-elf/4.1.2/mno-hw-mul\libgcc.a(lib2-divtable.o)
 .debug_pubnames
                0x000000f2       0x1f c:/altera/12.1/nios2eds/bin/gnu/h-i686-mingw32/bin/../lib/gcc/nios2-elf/4.1.2/mno-hw-mul\libgcc.a(lib2-mul.o)
 .debug_pubnames
                0x00000111       0x42 ../aca_hello_bsp/\libhal_bsp.a(alt_dma_rxchan_open.o)
 .debug_pubnames
                0x00000153       0x42 ../aca_hello_bsp/\libhal_bsp.a(alt_dma_txchan_open.o)
 .debug_pubnames
                0x00000195       0x20 ../aca_hello_bsp/\libhal_bsp.a(alt_errno.o)
 .debug_pubnames
                0x000001b5       0x23 ../aca_hello_bsp/\libhal_bsp.a(alt_find_dev.o)
 .debug_pubnames
                0x000001d8       0x46 ../aca_hello_bsp/\libhal_bsp.a(alt_main.o)
 .debug_pubnames
                0x0000021e       0x44 ../aca_hello_bsp/\libhal_bsp.a(alt_sys_init.o)
 .debug_pubnames
                0x00000262       0xce ../aca_hello_bsp/\libhal_bsp.a(altera_avalon_dma.o)
 .debug_pubnames
                0x00000330       0x96 ../aca_hello_bsp/\libhal_bsp.a(altera_avalon_performance_counter.o)
 .debug_pubnames
                0x000003c6       0x2b ../aca_hello_bsp/\libhal_bsp.a(alt_dev_llist_insert.o)
 .debug_pubnames
                0x000003f1       0x6e ../aca_hello_bsp/\libhal_bsp.a(alt_iic.o)
 .debug_pubnames
                0x0000045f       0x2b ../aca_hello_bsp/\libhal_bsp.a(alt_iic_isr_register.o)
 .debug_pubnames
                0x0000048a       0x32 ../aca_hello_bsp/\libhal_bsp.a(alt_irq_handler.o)
 .debug_pubnames
                0x000004bc       0x3b ../aca_hello_bsp/\libhal_bsp.a(alt_irq_vars.o)
 .debug_pubnames
                0x000004f7       0x31 ../aca_hello_bsp/\libhal_bsp.a(altera_nios2_qsys_irq.o)
 .debug_pubnames
                0x00000528       0x1c c:/altera/12.1/nios2eds/bin/gnu/h-i686-mingw32/bin/../lib/gcc/nios2-elf/4.1.2/../../../../nios2-elf/lib/mno-hw-mul\libsmallc.a(lib_a-int_errno.o)
 .debug_pubnames
                0x00000544       0x1d c:/altera/12.1/nios2eds/bin/gnu/h-i686-mingw32/bin/../lib/gcc/nios2-elf/4.1.2/../../../../nios2-elf/lib/mno-hw-mul\libsmallc.a(lib_a-memcmp.o)
 .debug_pubnames
                0x00000561       0x1d c:/altera/12.1/nios2eds/bin/gnu/h-i686-mingw32/bin/../lib/gcc/nios2-elf/4.1.2/../../../../nios2-elf/lib/mno-hw-mul\libsmallc.a(lib_a-strlen.o)

.debug_info     0x00000000     0x3c2a
 *(.debug_info .gnu.linkonce.wi.*)
 .debug_info    0x00000000       0x7b ../aca_hello_bsp//obj/HAL/src/crt0.o
 .debug_info    0x0000007b        0x0 obj/.metadata/.plugins/org.eclipse.cdt.make.core/specs.o
 .debug_info    0x0000007b      0x1a3 obj/fx2.o
 .debug_info    0x0000021e      0xe30 obj/hello.o
 .debug_info    0x0000104e        0x0 obj/.metadata/.plugins/org.eclipse.cdt.make.core/specs.o
 .debug_info    0x0000104e      0x21c c:/altera/12.1/nios2eds/bin/gnu/h-i686-mingw32/bin/../lib/gcc/nios2-elf/4.1.2/mno-hw-mul\libgcc.a(lib2-divmod.o)
 .debug_info    0x0000126a       0xae c:/altera/12.1/nios2eds/bin/gnu/h-i686-mingw32/bin/../lib/gcc/nios2-elf/4.1.2/mno-hw-mul\libgcc.a(lib2-divtable.o)
 .debug_info    0x00001318       0xf3 c:/altera/12.1/nios2eds/bin/gnu/h-i686-mingw32/bin/../lib/gcc/nios2-elf/4.1.2/mno-hw-mul\libgcc.a(lib2-mul.o)
 .debug_info    0x0000140b      0x253 ../aca_hello_bsp/\libhal_bsp.a(alt_dma_rxchan_open.o)
 .debug_info    0x0000165e      0x26b ../aca_hello_bsp/\libhal_bsp.a(alt_dma_txchan_open.o)
 .debug_info    0x000018c9       0xab ../aca_hello_bsp/\libhal_bsp.a(alt_errno.o)
 .debug_info    0x00001974      0x30c ../aca_hello_bsp/\libhal_bsp.a(alt_find_dev.o)
 .debug_info    0x00001c80      0x125 ../aca_hello_bsp/\libhal_bsp.a(alt_main.o)
 .debug_info    0x00001da5      0x582 ../aca_hello_bsp/\libhal_bsp.a(alt_sys_init.o)
 .debug_info    0x00002327      0xa91 ../aca_hello_bsp/\libhal_bsp.a(altera_avalon_dma.o)
 .debug_info    0x00002db8      0x1ba ../aca_hello_bsp/\libhal_bsp.a(altera_avalon_performance_counter.o)
 .debug_info    0x00002f72      0x1b7 ../aca_hello_bsp/\libhal_bsp.a(alt_dev_llist_insert.o)
 .debug_info    0x00003129      0x341 ../aca_hello_bsp/\libhal_bsp.a(alt_iic.o)
 .debug_info    0x0000346a      0x1ee ../aca_hello_bsp/\libhal_bsp.a(alt_iic_isr_register.o)
 .debug_info    0x00003658       0x84 ../aca_hello_bsp/\libhal_bsp.a(alt_irq_entry.o)
 .debug_info    0x000036dc      0x168 ../aca_hello_bsp/\libhal_bsp.a(alt_irq_handler.o)
 .debug_info    0x00003844       0x92 ../aca_hello_bsp/\libhal_bsp.a(alt_irq_vars.o)
 .debug_info    0x000038d6       0x8d ../aca_hello_bsp/\libhal_bsp.a(altera_nios2_qsys_irq.o)
 .debug_info    0x00003963       0x8a ../aca_hello_bsp/\libhal_bsp.a(alt_exception_entry.o)
 .debug_info    0x000039ed       0x8c c:/altera/12.1/nios2eds/bin/gnu/h-i686-mingw32/bin/../lib/gcc/nios2-elf/4.1.2/../../../../nios2-elf/lib/mno-hw-mul\libsmallc.a(lib_a-int_errno.o)
 .debug_info    0x00003a79       0xef c:/altera/12.1/nios2eds/bin/gnu/h-i686-mingw32/bin/../lib/gcc/nios2-elf/4.1.2/../../../../nios2-elf/lib/mno-hw-mul\libsmallc.a(lib_a-memcmp.o)
 .debug_info    0x00003b68       0xc2 c:/altera/12.1/nios2eds/bin/gnu/h-i686-mingw32/bin/../lib/gcc/nios2-elf/4.1.2/../../../../nios2-elf/lib/mno-hw-mul\libsmallc.a(lib_a-strlen.o)

.debug_abbrev   0x00000000     0x1471
 *(.debug_abbrev)
 .debug_abbrev  0x00000000       0x12 ../aca_hello_bsp//obj/HAL/src/crt0.o
 .debug_abbrev  0x00000012        0x1 obj/.metadata/.plugins/org.eclipse.cdt.make.core/specs.o
 .debug_abbrev  0x00000013       0xcf obj/fx2.o
 .debug_abbrev  0x000000e2      0x1f9 obj/hello.o
 .debug_abbrev  0x000002db        0x1 obj/.metadata/.plugins/org.eclipse.cdt.make.core/specs.o
 .debug_abbrev  0x000002dc       0xe0 c:/altera/12.1/nios2eds/bin/gnu/h-i686-mingw32/bin/../lib/gcc/nios2-elf/4.1.2/mno-hw-mul\libgcc.a(lib2-divmod.o)
 .debug_abbrev  0x000003bc       0x5a c:/altera/12.1/nios2eds/bin/gnu/h-i686-mingw32/bin/../lib/gcc/nios2-elf/4.1.2/mno-hw-mul\libgcc.a(lib2-divtable.o)
 .debug_abbrev  0x00000416       0x7b c:/altera/12.1/nios2eds/bin/gnu/h-i686-mingw32/bin/../lib/gcc/nios2-elf/4.1.2/mno-hw-mul\libgcc.a(lib2-mul.o)
 .debug_abbrev  0x00000491      0x107 ../aca_hello_bsp/\libhal_bsp.a(alt_dma_rxchan_open.o)
 .debug_abbrev  0x00000598      0x10c ../aca_hello_bsp/\libhal_bsp.a(alt_dma_txchan_open.o)
 .debug_abbrev  0x000006a4       0x5e ../aca_hello_bsp/\libhal_bsp.a(alt_errno.o)
 .debug_abbrev  0x00000702       0xeb ../aca_hello_bsp/\libhal_bsp.a(alt_find_dev.o)
 .debug_abbrev  0x000007ed       0xa6 ../aca_hello_bsp/\libhal_bsp.a(alt_main.o)
 .debug_abbrev  0x00000893      0x149 ../aca_hello_bsp/\libhal_bsp.a(alt_sys_init.o)
 .debug_abbrev  0x000009dc      0x298 ../aca_hello_bsp/\libhal_bsp.a(altera_avalon_dma.o)
 .debug_abbrev  0x00000c74      0x11d ../aca_hello_bsp/\libhal_bsp.a(altera_avalon_performance_counter.o)
 .debug_abbrev  0x00000d91      0x117 ../aca_hello_bsp/\libhal_bsp.a(alt_dev_llist_insert.o)
 .debug_abbrev  0x00000ea8      0x160 ../aca_hello_bsp/\libhal_bsp.a(alt_iic.o)
 .debug_abbrev  0x00001008      0x17c ../aca_hello_bsp/\libhal_bsp.a(alt_iic_isr_register.o)
 .debug_abbrev  0x00001184       0x12 ../aca_hello_bsp/\libhal_bsp.a(alt_irq_entry.o)
 .debug_abbrev  0x00001196      0x115 ../aca_hello_bsp/\libhal_bsp.a(alt_irq_handler.o)
 .debug_abbrev  0x000012ab       0x44 ../aca_hello_bsp/\libhal_bsp.a(alt_irq_vars.o)
 .debug_abbrev  0x000012ef       0x3f ../aca_hello_bsp/\libhal_bsp.a(altera_nios2_qsys_irq.o)
 .debug_abbrev  0x0000132e       0x12 ../aca_hello_bsp/\libhal_bsp.a(alt_exception_entry.o)
 .debug_abbrev  0x00001340       0x3b c:/altera/12.1/nios2eds/bin/gnu/h-i686-mingw32/bin/../lib/gcc/nios2-elf/4.1.2/../../../../nios2-elf/lib/mno-hw-mul\libsmallc.a(lib_a-int_errno.o)
 .debug_abbrev  0x0000137b       0x7c c:/altera/12.1/nios2eds/bin/gnu/h-i686-mingw32/bin/../lib/gcc/nios2-elf/4.1.2/../../../../nios2-elf/lib/mno-hw-mul\libsmallc.a(lib_a-memcmp.o)
 .debug_abbrev  0x000013f7       0x7a c:/altera/12.1/nios2eds/bin/gnu/h-i686-mingw32/bin/../lib/gcc/nios2-elf/4.1.2/../../../../nios2-elf/lib/mno-hw-mul\libsmallc.a(lib_a-strlen.o)

.debug_line     0x00000000     0x3e89
 *(.debug_line)
 .debug_line    0x00000000       0x63 ../aca_hello_bsp//obj/HAL/src/crt0.o
 .debug_line    0x00000063       0x24 obj/.metadata/.plugins/org.eclipse.cdt.make.core/specs.o
 .debug_line    0x00000087      0x195 obj/fx2.o
 .debug_line    0x0000021c      0xc8e obj/hello.o
 .debug_line    0x00000eaa       0x24 obj/.metadata/.plugins/org.eclipse.cdt.make.core/specs.o
 .debug_line    0x00000ece      0x24f c:/altera/12.1/nios2eds/bin/gnu/h-i686-mingw32/bin/../lib/gcc/nios2-elf/4.1.2/mno-hw-mul\libgcc.a(lib2-divmod.o)
 .debug_line    0x0000111d       0xbd c:/altera/12.1/nios2eds/bin/gnu/h-i686-mingw32/bin/../lib/gcc/nios2-elf/4.1.2/mno-hw-mul\libgcc.a(lib2-divtable.o)
 .debug_line    0x000011da      0x11a c:/altera/12.1/nios2eds/bin/gnu/h-i686-mingw32/bin/../lib/gcc/nios2-elf/4.1.2/mno-hw-mul\libgcc.a(lib2-mul.o)
 .debug_line    0x000012f4      0x25e ../aca_hello_bsp/\libhal_bsp.a(alt_dma_rxchan_open.o)
 .debug_line    0x00001552      0x25e ../aca_hello_bsp/\libhal_bsp.a(alt_dma_txchan_open.o)
 .debug_line    0x000017b0      0x1a4 ../aca_hello_bsp/\libhal_bsp.a(alt_errno.o)
 .debug_line    0x00001954      0x277 ../aca_hello_bsp/\libhal_bsp.a(alt_find_dev.o)
 .debug_line    0x00001bcb      0x2bc ../aca_hello_bsp/\libhal_bsp.a(alt_main.o)
 .debug_line    0x00001e87      0x2c8 ../aca_hello_bsp/\libhal_bsp.a(alt_sys_init.o)
 .debug_line    0x0000214f      0x8c4 ../aca_hello_bsp/\libhal_bsp.a(altera_avalon_dma.o)
 .debug_line    0x00002a13      0x119 ../aca_hello_bsp/\libhal_bsp.a(altera_avalon_performance_counter.o)
 .debug_line    0x00002b2c      0x25e ../aca_hello_bsp/\libhal_bsp.a(alt_dev_llist_insert.o)
 .debug_line    0x00002d8a      0x279 ../aca_hello_bsp/\libhal_bsp.a(alt_iic.o)
 .debug_line    0x00003003      0x24d ../aca_hello_bsp/\libhal_bsp.a(alt_iic_isr_register.o)
 .debug_line    0x00003250       0x6b ../aca_hello_bsp/\libhal_bsp.a(alt_irq_entry.o)
 .debug_line    0x000032bb      0x25f ../aca_hello_bsp/\libhal_bsp.a(alt_irq_handler.o)
 .debug_line    0x0000351a       0x72 ../aca_hello_bsp/\libhal_bsp.a(alt_irq_vars.o)
 .debug_line    0x0000358c      0x1c8 ../aca_hello_bsp/\libhal_bsp.a(altera_nios2_qsys_irq.o)
 .debug_line    0x00003754       0xab ../aca_hello_bsp/\libhal_bsp.a(alt_exception_entry.o)
 .debug_line    0x000037ff      0x1dc c:/altera/12.1/nios2eds/bin/gnu/h-i686-mingw32/bin/../lib/gcc/nios2-elf/4.1.2/../../../../nios2-elf/lib/mno-hw-mul\libsmallc.a(lib_a-int_errno.o)
 .debug_line    0x000039db      0x267 c:/altera/12.1/nios2eds/bin/gnu/h-i686-mingw32/bin/../lib/gcc/nios2-elf/4.1.2/../../../../nios2-elf/lib/mno-hw-mul\libsmallc.a(lib_a-memcmp.o)
 .debug_line    0x00003c42      0x247 c:/altera/12.1/nios2eds/bin/gnu/h-i686-mingw32/bin/../lib/gcc/nios2-elf/4.1.2/../../../../nios2-elf/lib/mno-hw-mul\libsmallc.a(lib_a-strlen.o)

.debug_frame    0x00000000      0x4e0
 *(.debug_frame)
 .debug_frame   0x00000000       0x50 obj/fx2.o
 .debug_frame   0x00000050       0x9c obj/hello.o
 .debug_frame   0x000000ec       0x70 c:/altera/12.1/nios2eds/bin/gnu/h-i686-mingw32/bin/../lib/gcc/nios2-elf/4.1.2/mno-hw-mul\libgcc.a(lib2-divmod.o)
 .debug_frame   0x0000015c       0x20 c:/altera/12.1/nios2eds/bin/gnu/h-i686-mingw32/bin/../lib/gcc/nios2-elf/4.1.2/mno-hw-mul\libgcc.a(lib2-mul.o)
 .debug_frame   0x0000017c       0x28 ../aca_hello_bsp/\libhal_bsp.a(alt_dma_rxchan_open.o)
 .debug_frame   0x000001a4       0x28 ../aca_hello_bsp/\libhal_bsp.a(alt_dma_txchan_open.o)
 .debug_frame   0x000001cc       0x30 ../aca_hello_bsp/\libhal_bsp.a(alt_find_dev.o)
 .debug_frame   0x000001fc       0x28 ../aca_hello_bsp/\libhal_bsp.a(alt_main.o)
 .debug_frame   0x00000224       0x44 ../aca_hello_bsp/\libhal_bsp.a(alt_sys_init.o)
 .debug_frame   0x00000268       0xf0 ../aca_hello_bsp/\libhal_bsp.a(altera_avalon_dma.o)
 .debug_frame   0x00000358       0x60 ../aca_hello_bsp/\libhal_bsp.a(altera_avalon_performance_counter.o)
 .debug_frame   0x000003b8       0x28 ../aca_hello_bsp/\libhal_bsp.a(alt_dev_llist_insert.o)
 .debug_frame   0x000003e0       0x50 ../aca_hello_bsp/\libhal_bsp.a(alt_iic.o)
 .debug_frame   0x00000430       0x28 ../aca_hello_bsp/\libhal_bsp.a(alt_iic_isr_register.o)
 .debug_frame   0x00000458       0x28 ../aca_hello_bsp/\libhal_bsp.a(alt_irq_handler.o)
 .debug_frame   0x00000480       0x20 ../aca_hello_bsp/\libhal_bsp.a(altera_nios2_qsys_irq.o)
 .debug_frame   0x000004a0       0x20 c:/altera/12.1/nios2eds/bin/gnu/h-i686-mingw32/bin/../lib/gcc/nios2-elf/4.1.2/../../../../nios2-elf/lib/mno-hw-mul\libsmallc.a(lib_a-memcmp.o)
 .debug_frame   0x000004c0       0x20 c:/altera/12.1/nios2eds/bin/gnu/h-i686-mingw32/bin/../lib/gcc/nios2-elf/4.1.2/../../../../nios2-elf/lib/mno-hw-mul\libsmallc.a(lib_a-strlen.o)

.debug_str      0x00000000      0xfc0
 *(.debug_str)
 .debug_str     0x00000000       0x97 obj/fx2.o
                                 0x9c (size before relaxing)
 .debug_str     0x00000097      0x3ee obj/hello.o
                                0x4ab (size before relaxing)
 .debug_str     0x00000485      0x108 c:/altera/12.1/nios2eds/bin/gnu/h-i686-mingw32/bin/../lib/gcc/nios2-elf/4.1.2/mno-hw-mul\libgcc.a(lib2-divmod.o)
                                0x1b1 (size before relaxing)
 .debug_str     0x0000058d       0x4a c:/altera/12.1/nios2eds/bin/gnu/h-i686-mingw32/bin/../lib/gcc/nios2-elf/4.1.2/mno-hw-mul\libgcc.a(lib2-divtable.o)
                                0x144 (size before relaxing)
 .debug_str     0x000005d7       0x37 c:/altera/12.1/nios2eds/bin/gnu/h-i686-mingw32/bin/../lib/gcc/nios2-elf/4.1.2/mno-hw-mul\libgcc.a(lib2-mul.o)
                                0x172 (size before relaxing)
 .debug_str     0x0000060e       0x94 ../aca_hello_bsp/\libhal_bsp.a(alt_dma_rxchan_open.o)
                                0x1f5 (size before relaxing)
 .debug_str     0x000006a2       0x32 ../aca_hello_bsp/\libhal_bsp.a(alt_dma_txchan_open.o)
                                0x1f7 (size before relaxing)
 .debug_str     0x000006d4       0x59 ../aca_hello_bsp/\libhal_bsp.a(alt_errno.o)
                                 0xfe (size before relaxing)
 .debug_str     0x0000072d       0x62 ../aca_hello_bsp/\libhal_bsp.a(alt_find_dev.o)
                                0x1aa (size before relaxing)
 .debug_str     0x0000078f       0x44 ../aca_hello_bsp/\libhal_bsp.a(alt_main.o)
                                0x154 (size before relaxing)
 .debug_str     0x000007d3      0x17c ../aca_hello_bsp/\libhal_bsp.a(alt_sys_init.o)
                                0x3b3 (size before relaxing)
 .debug_str     0x0000094f      0x1c0 ../aca_hello_bsp/\libhal_bsp.a(altera_avalon_dma.o)
                                0x4ca (size before relaxing)
 .debug_str     0x00000b0f       0xc5 ../aca_hello_bsp/\libhal_bsp.a(altera_avalon_performance_counter.o)
                                0x1a2 (size before relaxing)
 .debug_str     0x00000bd4       0x59 ../aca_hello_bsp/\libhal_bsp.a(alt_dev_llist_insert.o)
                                0x185 (size before relaxing)
 .debug_str     0x00000c2d       0xb7 ../aca_hello_bsp/\libhal_bsp.a(alt_iic.o)
                                0x1fc (size before relaxing)
 .debug_str     0x00000ce4       0x4c ../aca_hello_bsp/\libhal_bsp.a(alt_iic_isr_register.o)
                                0x1a6 (size before relaxing)
 .debug_str     0x00000d30       0x3a ../aca_hello_bsp/\libhal_bsp.a(alt_irq_handler.o)
                                0x155 (size before relaxing)
 .debug_str     0x00000d6a       0x17 ../aca_hello_bsp/\libhal_bsp.a(alt_irq_vars.o)
                                0x10d (size before relaxing)
 .debug_str     0x00000d81       0x3b ../aca_hello_bsp/\libhal_bsp.a(altera_nios2_qsys_irq.o)
                                0x11a (size before relaxing)
 .debug_str     0x00000dbc       0xd9 c:/altera/12.1/nios2eds/bin/gnu/h-i686-mingw32/bin/../lib/gcc/nios2-elf/4.1.2/../../../../nios2-elf/lib/mno-hw-mul\libsmallc.a(lib_a-int_errno.o)
                                0x174 (size before relaxing)
 .debug_str     0x00000e95       0xe6 c:/altera/12.1/nios2eds/bin/gnu/h-i686-mingw32/bin/../lib/gcc/nios2-elf/4.1.2/../../../../nios2-elf/lib/mno-hw-mul\libsmallc.a(lib_a-memcmp.o)
                                0x17b (size before relaxing)
 .debug_str     0x00000f7b       0x45 c:/altera/12.1/nios2eds/bin/gnu/h-i686-mingw32/bin/../lib/gcc/nios2-elf/4.1.2/../../../../nios2-elf/lib/mno-hw-mul\libsmallc.a(lib_a-strlen.o)
                                0x181 (size before relaxing)

.debug_loc      0x00000000     0x1695
 *(.debug_loc)
 .debug_loc     0x00000000       0x5a obj/fx2.o
 .debug_loc     0x0000005a      0x948 obj/hello.o
 .debug_loc     0x000009a2      0x1d2 c:/altera/12.1/nios2eds/bin/gnu/h-i686-mingw32/bin/../lib/gcc/nios2-elf/4.1.2/mno-hw-mul\libgcc.a(lib2-divmod.o)
 .debug_loc     0x00000b74       0x4f c:/altera/12.1/nios2eds/bin/gnu/h-i686-mingw32/bin/../lib/gcc/nios2-elf/4.1.2/mno-hw-mul\libgcc.a(lib2-mul.o)
 .debug_loc     0x00000bc3       0x32 ../aca_hello_bsp/\libhal_bsp.a(alt_dma_rxchan_open.o)
 .debug_loc     0x00000bf5       0x32 ../aca_hello_bsp/\libhal_bsp.a(alt_dma_txchan_open.o)
 .debug_loc     0x00000c27       0x8f ../aca_hello_bsp/\libhal_bsp.a(alt_find_dev.o)
 .debug_loc     0x00000cb6       0x1f ../aca_hello_bsp/\libhal_bsp.a(alt_main.o)
 .debug_loc     0x00000cd5       0x51 ../aca_hello_bsp/\libhal_bsp.a(alt_sys_init.o)
 .debug_loc     0x00000d26      0x67c ../aca_hello_bsp/\libhal_bsp.a(altera_avalon_dma.o)
 .debug_loc     0x000013a2       0x4c ../aca_hello_bsp/\libhal_bsp.a(altera_avalon_performance_counter.o)
 .debug_loc     0x000013ee       0x5b ../aca_hello_bsp/\libhal_bsp.a(alt_dev_llist_insert.o)
 .debug_loc     0x00001449       0x72 ../aca_hello_bsp/\libhal_bsp.a(alt_iic.o)
 .debug_loc     0x000014bb       0xde ../aca_hello_bsp/\libhal_bsp.a(alt_iic_isr_register.o)
 .debug_loc     0x00001599       0x6e ../aca_hello_bsp/\libhal_bsp.a(alt_irq_handler.o)
 .debug_loc     0x00001607       0x70 c:/altera/12.1/nios2eds/bin/gnu/h-i686-mingw32/bin/../lib/gcc/nios2-elf/4.1.2/../../../../nios2-elf/lib/mno-hw-mul\libsmallc.a(lib_a-memcmp.o)
 .debug_loc     0x00001677       0x1e c:/altera/12.1/nios2eds/bin/gnu/h-i686-mingw32/bin/../lib/gcc/nios2-elf/4.1.2/../../../../nios2-elf/lib/mno-hw-mul\libsmallc.a(lib_a-strlen.o)

.debug_macinfo
 *(.debug_macinfo)

.debug_weaknames
 *(.debug_weaknames)

.debug_funcnames
 *(.debug_funcnames)

.debug_typenames
 *(.debug_typenames)

.debug_varnames
 *(.debug_varnames)

.debug_alt_sim_info
                0x00000000       0x10
 *(.debug_alt_sim_info)
 .debug_alt_sim_info
                0x00000000       0x10 ../aca_hello_bsp//obj/HAL/src/crt0.o
                0x02006900                __alt_data_end = 0x2006900
                0x02006900                PROVIDE (__alt_stack_pointer, __alt_data_end)
                0x020061a8                PROVIDE (__alt_stack_limit, __alt_stack_base)
                0x020061a8                PROVIDE (__alt_heap_start, end)
                0x02006900                PROVIDE (__alt_heap_limit, 0x2006900)
OUTPUT(aca_hello.elf elf32-littlenios2)

.debug_ranges   0x00000000      0x130
 .debug_ranges  0x00000000       0x20 ../aca_hello_bsp//obj/HAL/src/crt0.o
 .debug_ranges  0x00000020       0x18 obj/hello.o
 .debug_ranges  0x00000038       0x30 ../aca_hello_bsp/\libhal_bsp.a(altera_avalon_dma.o)
 .debug_ranges  0x00000068       0x18 ../aca_hello_bsp/\libhal_bsp.a(alt_dev_llist_insert.o)
 .debug_ranges  0x00000080       0x18 ../aca_hello_bsp/\libhal_bsp.a(alt_iic_isr_register.o)
 .debug_ranges  0x00000098       0x28 ../aca_hello_bsp/\libhal_bsp.a(alt_irq_entry.o)
 .debug_ranges  0x000000c0       0x40 ../aca_hello_bsp/\libhal_bsp.a(alt_irq_handler.o)
 .debug_ranges  0x00000100       0x30 ../aca_hello_bsp/\libhal_bsp.a(alt_exception_entry.o)
