------------------------------------------------------------
TimeQuest Timing Analyzer Summary
------------------------------------------------------------

Type  : Slow Model Setup 'altpll_0|sd1|pll|clk[2]'
Slack : -9.963
TNS   : -16433.622

Type  : Slow Model Setup 'altpll_0|sd1|pll|clk[0]'
Slack : -0.117
TNS   : -1.166

Type  : Slow Model Setup 'altpll_1|sd1|pll|clk[0]'
Slack : 1.090
TNS   : 0.000

Type  : Slow Model Hold 'altpll_0|sd1|pll|clk[0]'
Slack : 0.499
TNS   : 0.000

Type  : Slow Model Hold 'altpll_0|sd1|pll|clk[2]'
Slack : 0.499
TNS   : 0.000

Type  : Slow Model Hold 'altpll_1|sd1|pll|clk[0]'
Slack : 0.499
TNS   : 0.000

Type  : Slow Model Recovery 'altpll_0|sd1|pll|clk[2]'
Slack : -1.997
TNS   : -2543.183

Type  : Slow Model Recovery 'altpll_0|sd1|pll|clk[0]'
Slack : 1.438
TNS   : 0.000

Type  : Slow Model Recovery 'altpll_1|sd1|pll|clk[0]'
Slack : 4.730
TNS   : 0.000

Type  : Slow Model Removal 'altpll_1|sd1|pll|clk[0]'
Slack : 1.990
TNS   : 0.000

Type  : Slow Model Removal 'altpll_0|sd1|pll|clk[2]'
Slack : 2.010
TNS   : 0.000

Type  : Slow Model Removal 'altpll_0|sd1|pll|clk[0]'
Slack : 3.262
TNS   : 0.000

Type  : Slow Model Minimum Pulse Width 'altpll_0|sd1|pll|clk[2]'
Slack : -2.165
TNS   : -5399.415

Type  : Slow Model Minimum Pulse Width 'altpll_0|sd1|pll|clk[0]'
Slack : 1.466
TNS   : 0.000

Type  : Slow Model Minimum Pulse Width 'altpll_1|sd1|pll|clk[0]'
Slack : 2.439
TNS   : 0.000

Type  : Slow Model Minimum Pulse Width 'clock1'
Slack : 2.475
TNS   : 0.000

Type  : Slow Model Minimum Pulse Width 'clk_1_clk_in_clk'
Slack : 20.833
TNS   : 0.000

Type  : Slow Model Minimum Pulse Width 'altera_reserved_tck'
Slack : 97.223
TNS   : 0.000

Type  : Fast Model Setup 'altpll_0|sd1|pll|clk[2]'
Slack : -2.034
TNS   : -2556.698

Type  : Fast Model Setup 'altpll_0|sd1|pll|clk[0]'
Slack : 3.598
TNS   : 0.000

Type  : Fast Model Setup 'altpll_1|sd1|pll|clk[0]'
Slack : 7.565
TNS   : 0.000

Type  : Fast Model Hold 'altpll_0|sd1|pll|clk[0]'
Slack : 0.215
TNS   : 0.000

Type  : Fast Model Hold 'altpll_0|sd1|pll|clk[2]'
Slack : 0.215
TNS   : 0.000

Type  : Fast Model Hold 'altpll_1|sd1|pll|clk[0]'
Slack : 0.215
TNS   : 0.000

Type  : Fast Model Recovery 'altpll_0|sd1|pll|clk[2]'
Slack : -0.190
TNS   : -21.885

Type  : Fast Model Recovery 'altpll_0|sd1|pll|clk[0]'
Slack : 3.361
TNS   : 0.000

Type  : Fast Model Recovery 'altpll_1|sd1|pll|clk[0]'
Slack : 7.819
TNS   : 0.000

Type  : Fast Model Removal 'altpll_1|sd1|pll|clk[0]'
Slack : 0.771
TNS   : 0.000

Type  : Fast Model Removal 'altpll_0|sd1|pll|clk[2]'
Slack : 0.778
TNS   : 0.000

Type  : Fast Model Removal 'altpll_0|sd1|pll|clk[0]'
Slack : 1.773
TNS   : 0.000

Type  : Fast Model Minimum Pulse Width 'altpll_0|sd1|pll|clk[2]'
Slack : -1.225
TNS   : -2664.771

Type  : Fast Model Minimum Pulse Width 'altpll_0|sd1|pll|clk[0]'
Slack : 1.708
TNS   : 0.000

Type  : Fast Model Minimum Pulse Width 'clock1'
Slack : 2.708
TNS   : 0.000

Type  : Fast Model Minimum Pulse Width 'altpll_1|sd1|pll|clk[0]'
Slack : 3.189
TNS   : 0.000

Type  : Fast Model Minimum Pulse Width 'clk_1_clk_in_clk'
Slack : 20.833
TNS   : 0.000

Type  : Fast Model Minimum Pulse Width 'altera_reserved_tck'
Slack : 97.778
TNS   : 0.000

------------------------------------------------------------
